MPLINK 5.08, LINKER
Linker Map File - Created Tue Mar 31 20:09:54 2026

                                 Section Info
                  Section       Type    Address   Location Size(Bytes)
                ---------  ---------  ---------  ---------  ---------
                   .org_0       code   0x000000    program   0x000002
                   .cinit    romdata   0x000001    program   0x000004
                   .org_1       code   0x000004    program   0x000020
                   .org_2       code   0x000050    program   0x000086
.config_2007_BUILD/DEFAULT/PRODUCTION/MAIN.O       code   0x002007    program   0x000002
.config_2008_BUILD/DEFAULT/PRODUCTION/MAIN.O       code   0x002008    program   0x000002



                              Program Memory Usage 
                               Start         End      
                           ---------   ---------      
                            0x000000    0x000002      
                            0x000004    0x000013      
                            0x000050    0x000092      
                            0x002007    0x002008      
            88 out of 8455 program addresses used, program memory utilization is 1%



                              Symbols - Sorted by Name
                     Name    Address   Location    Storage File                     
                ---------  ---------  ---------  --------- ---------                
            COUNTER_LOGIC   0x00007b    program     static C:\Users\Bavin\MPLABXProjects\DIGITAL_CLOCK_PROJECT.X\main.asm
               HOUR_RESET   0x00008f    program     static C:\Users\Bavin\MPLABXProjects\DIGITAL_CLOCK_PROJECT.X\main.asm
                 ISR_EXIT   0x00000f    program     static C:\Users\Bavin\MPLABXProjects\DIGITAL_CLOCK_PROJECT.X\main.asm
                MAIN_INIT   0x000050    program     static C:\Users\Bavin\MPLABXProjects\DIGITAL_CLOCK_PROJECT.X\main.asm
                MAIN_LOOP   0x000064    program     static C:\Users\Bavin\MPLABXProjects\DIGITAL_CLOCK_PROJECT.X\main.asm
               MIN_HR_INC   0x00008a    program     static C:\Users\Bavin\MPLABXProjects\DIGITAL_CLOCK_PROJECT.X\main.asm
              SEC_MIN_INC   0x000085    program     static C:\Users\Bavin\MPLABXProjects\DIGITAL_CLOCK_PROJECT.X\main.asm



                              Symbols - Sorted by Address
                     Name    Address   Location    Storage File                     
                ---------  ---------  ---------  --------- ---------                
                 ISR_EXIT   0x00000f    program     static C:\Users\Bavin\MPLABXProjects\DIGITAL_CLOCK_PROJECT.X\main.asm
                MAIN_INIT   0x000050    program     static C:\Users\Bavin\MPLABXProjects\DIGITAL_CLOCK_PROJECT.X\main.asm
                MAIN_LOOP   0x000064    program     static C:\Users\Bavin\MPLABXProjects\DIGITAL_CLOCK_PROJECT.X\main.asm
            COUNTER_LOGIC   0x00007b    program     static C:\Users\Bavin\MPLABXProjects\DIGITAL_CLOCK_PROJECT.X\main.asm
              SEC_MIN_INC   0x000085    program     static C:\Users\Bavin\MPLABXProjects\DIGITAL_CLOCK_PROJECT.X\main.asm
               MIN_HR_INC   0x00008a    program     static C:\Users\Bavin\MPLABXProjects\DIGITAL_CLOCK_PROJECT.X\main.asm
               HOUR_RESET   0x00008f    program     static C:\Users\Bavin\MPLABXProjects\DIGITAL_CLOCK_PROJECT.X\main.asm


