MPLINK 5.08, LINKER
Linker Map File - Created Tue May 05 20:22:11 2026

                                 Section Info
                  Section       Type    Address   Location Size(Bytes)
                ---------  ---------  ---------  ---------  ---------
                   .org_0       code   0x000000    program   0x000002
                   .cinit    romdata   0x000001    program   0x000004
                   .org_1       code   0x000004    program   0x000026
                   .org_2       code   0x000050    program   0x0000b2
.config_2007_BUILD/DEFAULT/PRODUCTION/MAIN.O       code   0x002007    program   0x000002
.config_2008_BUILD/DEFAULT/PRODUCTION/MAIN.O       code   0x002008    program   0x000002



                              Program Memory Usage 
                               Start         End      
                           ---------   ---------      
                            0x000000    0x000002      
                            0x000004    0x000016      
                            0x000050    0x0000a8      
                            0x002007    0x002008      
            113 out of 8455 program addresses used, program memory utilization is 1%



                              Symbols - Sorted by Name
                     Name    Address   Location    Storage File                     
                ---------  ---------  ---------  --------- ---------                
            COUNTER_LOGIC   0x000072    program     static C:\Users\Bavin\MPLABXProjects\DIGITAL_CLOCK_PROJECT.X\main.asm
                HOUR_DONE   0x0000a5    program     static C:\Users\Bavin\MPLABXProjects\DIGITAL_CLOCK_PROJECT.X\main.asm
                HOUR_LOOP   0x00009f    program     static C:\Users\Bavin\MPLABXProjects\DIGITAL_CLOCK_PROJECT.X\main.asm
               HOUR_RESET   0x000082    program     static C:\Users\Bavin\MPLABXProjects\DIGITAL_CLOCK_PROJECT.X\main.asm
                 ISR_EXIT   0x000012    program     static C:\Users\Bavin\MPLABXProjects\DIGITAL_CLOCK_PROJECT.X\main.asm
                MAIN_INIT   0x000050    program     static C:\Users\Bavin\MPLABXProjects\DIGITAL_CLOCK_PROJECT.X\main.asm
                MAIN_LOOP   0x000060    program     static C:\Users\Bavin\MPLABXProjects\DIGITAL_CLOCK_PROJECT.X\main.asm
                 MIN_DONE   0x000099    program     static C:\Users\Bavin\MPLABXProjects\DIGITAL_CLOCK_PROJECT.X\main.asm
               MIN_HR_INC   0x00007f    program     static C:\Users\Bavin\MPLABXProjects\DIGITAL_CLOCK_PROJECT.X\main.asm
                 MIN_LOOP   0x000093    program     static C:\Users\Bavin\MPLABXProjects\DIGITAL_CLOCK_PROJECT.X\main.asm
                 SEC_DONE   0x00008d    program     static C:\Users\Bavin\MPLABXProjects\DIGITAL_CLOCK_PROJECT.X\main.asm
                 SEC_LOOP   0x000087    program     static C:\Users\Bavin\MPLABXProjects\DIGITAL_CLOCK_PROJECT.X\main.asm
              SEC_MIN_INC   0x00007c    program     static C:\Users\Bavin\MPLABXProjects\DIGITAL_CLOCK_PROJECT.X\main.asm
                    SPLIT   0x000084    program     static C:\Users\Bavin\MPLABXProjects\DIGITAL_CLOCK_PROJECT.X\main.asm
               TIMER1_INC   0x00000c    program     static C:\Users\Bavin\MPLABXProjects\DIGITAL_CLOCK_PROJECT.X\main.asm



                              Symbols - Sorted by Address
                     Name    Address   Location    Storage File                     
                ---------  ---------  ---------  --------- ---------                
               TIMER1_INC   0x00000c    program     static C:\Users\Bavin\MPLABXProjects\DIGITAL_CLOCK_PROJECT.X\main.asm
                 ISR_EXIT   0x000012    program     static C:\Users\Bavin\MPLABXProjects\DIGITAL_CLOCK_PROJECT.X\main.asm
                MAIN_INIT   0x000050    program     static C:\Users\Bavin\MPLABXProjects\DIGITAL_CLOCK_PROJECT.X\main.asm
                MAIN_LOOP   0x000060    program     static C:\Users\Bavin\MPLABXProjects\DIGITAL_CLOCK_PROJECT.X\main.asm
            COUNTER_LOGIC   0x000072    program     static C:\Users\Bavin\MPLABXProjects\DIGITAL_CLOCK_PROJECT.X\main.asm
              SEC_MIN_INC   0x00007c    program     static C:\Users\Bavin\MPLABXProjects\DIGITAL_CLOCK_PROJECT.X\main.asm
               MIN_HR_INC   0x00007f    program     static C:\Users\Bavin\MPLABXProjects\DIGITAL_CLOCK_PROJECT.X\main.asm
               HOUR_RESET   0x000082    program     static C:\Users\Bavin\MPLABXProjects\DIGITAL_CLOCK_PROJECT.X\main.asm
                    SPLIT   0x000084    program     static C:\Users\Bavin\MPLABXProjects\DIGITAL_CLOCK_PROJECT.X\main.asm
                 SEC_LOOP   0x000087    program     static C:\Users\Bavin\MPLABXProjects\DIGITAL_CLOCK_PROJECT.X\main.asm
                 SEC_DONE   0x00008d    program     static C:\Users\Bavin\MPLABXProjects\DIGITAL_CLOCK_PROJECT.X\main.asm
                 MIN_LOOP   0x000093    program     static C:\Users\Bavin\MPLABXProjects\DIGITAL_CLOCK_PROJECT.X\main.asm
                 MIN_DONE   0x000099    program     static C:\Users\Bavin\MPLABXProjects\DIGITAL_CLOCK_PROJECT.X\main.asm
                HOUR_LOOP   0x00009f    program     static C:\Users\Bavin\MPLABXProjects\DIGITAL_CLOCK_PROJECT.X\main.asm
                HOUR_DONE   0x0000a5    program     static C:\Users\Bavin\MPLABXProjects\DIGITAL_CLOCK_PROJECT.X\main.asm


